Archive member included to satisfy reference by file (symbol)

c:/program files/microchip/xc8/v2.45/avr/bin/../lib/gcc/avr/5.4.0/avr25/memx-const\libgcc.a(_copy_data.o)
                              build/default/debug/MCAL/device_config.o (__do_copy_data)
c:/program files/microchip/xc8/v2.45/avr/bin/../lib/gcc/avr/5.4.0/../../../../avr/lib/avr25/memx-const\libc.a(exit.o)
                              C:/Program Files/Microchip/MPLABX/v6.15/packs/Microchip/ATtiny_DFP/3.0.151/xc8/avr/lib/avr25/memx-const/crtattiny85.o (exit)
c:/program files/microchip/xc8/v2.45/avr/bin/../lib/gcc/avr/5.4.0/../../../../avr/lib/avr25/memx-const\libc.a(_Exit.o)
                              c:/program files/microchip/xc8/v2.45/avr/bin/../lib/gcc/avr/5.4.0/../../../../avr/lib/avr25/memx-const\libc.a(exit.o) (_Exit)
c:/program files/microchip/xc8/v2.45/avr/bin/../lib/gcc/avr/5.4.0/avr25/memx-const\libgcc.a(_exit.o)
                              c:/program files/microchip/xc8/v2.45/avr/bin/../lib/gcc/avr/5.4.0/../../../../avr/lib/avr25/memx-const\libc.a(_Exit.o) (_exit)

Discarded input sections

 .data          0x0000000000000000        0x0 C:/Program Files/Microchip/MPLABX/v6.15/packs/Microchip/ATtiny_DFP/3.0.151/xc8/avr/lib/avr25/memx-const/crtattiny85.o
 .bss           0x0000000000000000        0x0 C:/Program Files/Microchip/MPLABX/v6.15/packs/Microchip/ATtiny_DFP/3.0.151/xc8/avr/lib/avr25/memx-const/crtattiny85.o
 .text          0x0000000000000000        0x0 build/default/debug/ECUAL/ECU_LED/ecu_led.o
 .data          0x0000000000000000        0x0 build/default/debug/ECUAL/ECU_LED/ecu_led.o
 .bss           0x0000000000000000        0x0 build/default/debug/ECUAL/ECU_LED/ecu_led.o
 .text.led_on   0x0000000000000000       0x44 build/default/debug/ECUAL/ECU_LED/ecu_led.o
 .text.led_off  0x0000000000000000       0x44 build/default/debug/ECUAL/ECU_LED/ecu_led.o
 .text.led_toggle
                0x0000000000000000       0x42 build/default/debug/ECUAL/ECU_LED/ecu_led.o
 .text.led_status
                0x0000000000000000       0x46 build/default/debug/ECUAL/ECU_LED/ecu_led.o
 .text          0x0000000000000000        0x0 build/default/debug/MCAL/GPIO/hal_gpio.o
 .data          0x0000000000000000        0x0 build/default/debug/MCAL/GPIO/hal_gpio.o
 .bss           0x0000000000000000        0x0 build/default/debug/MCAL/GPIO/hal_gpio.o
 .text.gpio_pin_get_direction_status
                0x0000000000000000       0x44 build/default/debug/MCAL/GPIO/hal_gpio.o
 .text.gpio_pin_read_logic
                0x0000000000000000       0x44 build/default/debug/MCAL/GPIO/hal_gpio.o
 .text.gpio_pin_toggle_logic
                0x0000000000000000       0x42 build/default/debug/MCAL/GPIO/hal_gpio.o
 .text.gpio_port_direction_intialize
                0x0000000000000000       0x2c build/default/debug/MCAL/GPIO/hal_gpio.o
 .text.gpio_port_get_direction_status
                0x0000000000000000       0x12 build/default/debug/MCAL/GPIO/hal_gpio.o
 .text.gpio_port_write_logic
                0x0000000000000000        0x6 build/default/debug/MCAL/GPIO/hal_gpio.o
 .text.gpio_port_read_logic
                0x0000000000000000       0x12 build/default/debug/MCAL/GPIO/hal_gpio.o
 .text.gpio_port_toggle_logic
                0x0000000000000000        0xa build/default/debug/MCAL/GPIO/hal_gpio.o
 .text          0x0000000000000000        0x0 build/default/debug/MCAL/device_config.o
 .data          0x0000000000000000        0x0 build/default/debug/MCAL/device_config.o
 .bss           0x0000000000000000        0x0 build/default/debug/MCAL/device_config.o
 .text          0x0000000000000000        0x0 build/default/debug/application.o
 .data          0x0000000000000000        0x0 build/default/debug/application.o
 .bss           0x0000000000000000        0x0 build/default/debug/application.o
 .bss.Relay_Status
                0x0000000000000000        0x1 build/default/debug/application.o
 .text          0x0000000000000000        0x0 build/default/debug/ECUAL/ECU_RELAY/ecu_relay.o
 .data          0x0000000000000000        0x0 build/default/debug/ECUAL/ECU_RELAY/ecu_relay.o
 .bss           0x0000000000000000        0x0 build/default/debug/ECUAL/ECU_RELAY/ecu_relay.o
 .text.relay_off
                0x0000000000000000       0x44 build/default/debug/ECUAL/ECU_RELAY/ecu_relay.o
 .text.relay_toggle
                0x0000000000000000       0x42 build/default/debug/ECUAL/ECU_RELAY/ecu_relay.o
 .text.relay_status
                0x0000000000000000       0x46 build/default/debug/ECUAL/ECU_RELAY/ecu_relay.o
 .text          0x0000000000000000        0x0 build/default/debug/ECUAL/ECU_BUTTON/ecu_button.o
 .data          0x0000000000000000        0x0 build/default/debug/ECUAL/ECU_BUTTON/ecu_button.o
 .bss           0x0000000000000000        0x0 build/default/debug/ECUAL/ECU_BUTTON/ecu_button.o
 .text.button_status
                0x0000000000000000       0x78 build/default/debug/ECUAL/ECU_BUTTON/ecu_button.o
 .text          0x0000000000000000        0x0 c:/program files/microchip/xc8/v2.45/avr/bin/../lib/gcc/avr/5.4.0/avr25/memx-const\libgcc.a(_copy_data.o)
 .data          0x0000000000000000        0x0 c:/program files/microchip/xc8/v2.45/avr/bin/../lib/gcc/avr/5.4.0/avr25/memx-const\libgcc.a(_copy_data.o)
 .bss           0x0000000000000000        0x0 c:/program files/microchip/xc8/v2.45/avr/bin/../lib/gcc/avr/5.4.0/avr25/memx-const\libgcc.a(_copy_data.o)
 .text.libgcc.mul
                0x0000000000000000        0x0 c:/program files/microchip/xc8/v2.45/avr/bin/../lib/gcc/avr/5.4.0/avr25/memx-const\libgcc.a(_copy_data.o)
 .text.libgcc.div
                0x0000000000000000        0x0 c:/program files/microchip/xc8/v2.45/avr/bin/../lib/gcc/avr/5.4.0/avr25/memx-const\libgcc.a(_copy_data.o)
 .text.libgcc   0x0000000000000000        0x0 c:/program files/microchip/xc8/v2.45/avr/bin/../lib/gcc/avr/5.4.0/avr25/memx-const\libgcc.a(_copy_data.o)
 .text.libgcc.prologue
                0x0000000000000000        0x0 c:/program files/microchip/xc8/v2.45/avr/bin/../lib/gcc/avr/5.4.0/avr25/memx-const\libgcc.a(_copy_data.o)
 .text.libgcc.builtins
                0x0000000000000000        0x0 c:/program files/microchip/xc8/v2.45/avr/bin/../lib/gcc/avr/5.4.0/avr25/memx-const\libgcc.a(_copy_data.o)
 .text.libgcc.fmul
                0x0000000000000000        0x0 c:/program files/microchip/xc8/v2.45/avr/bin/../lib/gcc/avr/5.4.0/avr25/memx-const\libgcc.a(_copy_data.o)
 .text.libgcc.fixed
                0x0000000000000000        0x0 c:/program files/microchip/xc8/v2.45/avr/bin/../lib/gcc/avr/5.4.0/avr25/memx-const\libgcc.a(_copy_data.o)
 .text          0x0000000000000000        0x0 c:/program files/microchip/xc8/v2.45/avr/bin/../lib/gcc/avr/5.4.0/../../../../avr/lib/avr25/memx-const\libc.a(exit.o)
 .data          0x0000000000000000        0x0 c:/program files/microchip/xc8/v2.45/avr/bin/../lib/gcc/avr/5.4.0/../../../../avr/lib/avr25/memx-const\libc.a(exit.o)
 .bss           0x0000000000000000        0x0 c:/program files/microchip/xc8/v2.45/avr/bin/../lib/gcc/avr/5.4.0/../../../../avr/lib/avr25/memx-const\libc.a(exit.o)
 .stack.descriptors
                0x0000000000000000       0x73 c:/program files/microchip/xc8/v2.45/avr/bin/../lib/gcc/avr/5.4.0/../../../../avr/lib/avr25/memx-const\libc.a(exit.o)
 .text          0x0000000000000000        0x0 c:/program files/microchip/xc8/v2.45/avr/bin/../lib/gcc/avr/5.4.0/../../../../avr/lib/avr25/memx-const\libc.a(_Exit.o)
 .data          0x0000000000000000        0x0 c:/program files/microchip/xc8/v2.45/avr/bin/../lib/gcc/avr/5.4.0/../../../../avr/lib/avr25/memx-const\libc.a(_Exit.o)
 .bss           0x0000000000000000        0x0 c:/program files/microchip/xc8/v2.45/avr/bin/../lib/gcc/avr/5.4.0/../../../../avr/lib/avr25/memx-const\libc.a(_Exit.o)
 .stack.descriptors
                0x0000000000000000       0x13 c:/program files/microchip/xc8/v2.45/avr/bin/../lib/gcc/avr/5.4.0/../../../../avr/lib/avr25/memx-const\libc.a(_Exit.o)
 .text          0x0000000000000000        0x0 c:/program files/microchip/xc8/v2.45/avr/bin/../lib/gcc/avr/5.4.0/avr25/memx-const\libgcc.a(_exit.o)
 .data          0x0000000000000000        0x0 c:/program files/microchip/xc8/v2.45/avr/bin/../lib/gcc/avr/5.4.0/avr25/memx-const\libgcc.a(_exit.o)
 .bss           0x0000000000000000        0x0 c:/program files/microchip/xc8/v2.45/avr/bin/../lib/gcc/avr/5.4.0/avr25/memx-const\libgcc.a(_exit.o)
 .text.libgcc.mul
                0x0000000000000000        0x0 c:/program files/microchip/xc8/v2.45/avr/bin/../lib/gcc/avr/5.4.0/avr25/memx-const\libgcc.a(_exit.o)
 .text.libgcc.div
                0x0000000000000000        0x0 c:/program files/microchip/xc8/v2.45/avr/bin/../lib/gcc/avr/5.4.0/avr25/memx-const\libgcc.a(_exit.o)
 .text.libgcc   0x0000000000000000        0x0 c:/program files/microchip/xc8/v2.45/avr/bin/../lib/gcc/avr/5.4.0/avr25/memx-const\libgcc.a(_exit.o)
 .text.libgcc.prologue
                0x0000000000000000        0x0 c:/program files/microchip/xc8/v2.45/avr/bin/../lib/gcc/avr/5.4.0/avr25/memx-const\libgcc.a(_exit.o)
 .stack.descriptors
                0x0000000000000000       0x13 c:/program files/microchip/xc8/v2.45/avr/bin/../lib/gcc/avr/5.4.0/avr25/memx-const\libgcc.a(_exit.o)
 .text.libgcc.builtins
                0x0000000000000000        0x0 c:/program files/microchip/xc8/v2.45/avr/bin/../lib/gcc/avr/5.4.0/avr25/memx-const\libgcc.a(_exit.o)
 .text.libgcc.fmul
                0x0000000000000000        0x0 c:/program files/microchip/xc8/v2.45/avr/bin/../lib/gcc/avr/5.4.0/avr25/memx-const\libgcc.a(_exit.o)
 .text.libgcc.fixed
                0x0000000000000000        0x0 c:/program files/microchip/xc8/v2.45/avr/bin/../lib/gcc/avr/5.4.0/avr25/memx-const\libgcc.a(_exit.o)

Memory Configuration

Name             Origin             Length             Attributes
text             0x0000000000000000 0x0000000000002000 xr
data             0x0000000000800060 0x0000000000000200 rw !x
eeprom           0x0000000000810000 0x0000000000000200 rw !x
fuse             0x0000000000820000 0x0000000000000003 rw !x
lock             0x0000000000830000 0x0000000000000400 rw !x
signature        0x0000000000840000 0x0000000000000400 rw !x
user_signatures  0x0000000000850000 0x0000000000000400 rw !x
bootrow          0x0000000000860000 0x0000000000000400 rw !x
*default*        0x0000000000000000 0xffffffffffffffff

Linker script and memory map

LOAD C:/Program Files/Microchip/MPLABX/v6.15/packs/Microchip/ATtiny_DFP/3.0.151/xc8/avr/lib/avr25/memx-const/crtattiny85.o
                0x0000000000000001                __MPLAB_BUILD = 0x1
LOAD build/default/debug/ECUAL/ECU_LED/ecu_led.o
LOAD build/default/debug/MCAL/GPIO/hal_gpio.o
LOAD build/default/debug/MCAL/device_config.o
LOAD build/default/debug/application.o
LOAD build/default/debug/ECUAL/ECU_RELAY/ecu_relay.o
LOAD build/default/debug/ECUAL/ECU_BUTTON/ecu_button.o
START GROUP
LOAD c:/program files/microchip/xc8/v2.45/avr/bin/../lib/gcc/avr/5.4.0/../../../../avr/lib/avr25/memx-const\libm.a
END GROUP
                0x0000000000000001                __MPLAB_DEBUG = 0x1
                0x0000000000000001                __DEBUG = 0x1
                0x0000000000000001                __MPLAB_DEBUGGER_SIMULATOR = 0x1
START GROUP
LOAD c:/program files/microchip/xc8/v2.45/avr/bin/../lib/gcc/avr/5.4.0/avr25/memx-const\libgcc.a
LOAD c:/program files/microchip/xc8/v2.45/avr/bin/../lib/gcc/avr/5.4.0/../../../../avr/lib/avr25/memx-const\libm.a
LOAD c:/program files/microchip/xc8/v2.45/avr/bin/../lib/gcc/avr/5.4.0/../../../../avr/lib/avr25/memx-const\libc.a
LOAD C:/Program Files/Microchip/MPLABX/v6.15/packs/Microchip/ATtiny_DFP/3.0.151/xc8/avr/lib/avr25/memx-const\libattiny85.a
END GROUP
                0x0000000000000000                __TEXT_REGION_ORIGIN__ = DEFINED (__TEXT_REGION_ORIGIN__)?__TEXT_REGION_ORIGIN__:0x0
                [0x0000000000800060]                __DATA_REGION_ORIGIN__ = DEFINED (__DATA_REGION_ORIGIN__)?__DATA_REGION_ORIGIN__:0x800060
                [0x0000000000002000]                __TEXT_REGION_LENGTH__ = DEFINED (__TEXT_REGION_LENGTH__)?__TEXT_REGION_LENGTH__:0x2000
                [0x0000000000000200]                __DATA_REGION_LENGTH__ = DEFINED (__DATA_REGION_LENGTH__)?__DATA_REGION_LENGTH__:0xffa0
                [0x0000000000000200]                __EEPROM_REGION_LENGTH__ = DEFINED (__EEPROM_REGION_LENGTH__)?__EEPROM_REGION_LENGTH__:0x10000
                [0x0000000000000003]                __FUSE_REGION_LENGTH__ = DEFINED (__FUSE_REGION_LENGTH__)?__FUSE_REGION_LENGTH__:0x400
                0x0000000000000400                __LOCK_REGION_LENGTH__ = DEFINED (__LOCK_REGION_LENGTH__)?__LOCK_REGION_LENGTH__:0x400
                0x0000000000000400                __SIGNATURE_REGION_LENGTH__ = DEFINED (__SIGNATURE_REGION_LENGTH__)?__SIGNATURE_REGION_LENGTH__:0x400
                0x0000000000000400                __USER_SIGNATURE_REGION_LENGTH__ = DEFINED (__USER_SIGNATURE_REGION_LENGTH__)?__USER_SIGNATURE_REGION_LENGTH__:0x400
                0x0000000000000400                __BOOTROW_REGION_LENGTH__ = DEFINED (__BOOTROW_REGION_LENGTH__)?__BOOTROW_REGION_LENGTH__:0x400

.hash
 *(.hash)

.dynsym
 *(.dynsym)

.dynstr
 *(.dynstr)

.gnu.version
 *(.gnu.version)

.gnu.version_d
 *(.gnu.version_d)

.gnu.version_r
 *(.gnu.version_r)

.rel.init
 *(.rel.init)

.rela.init
 *(.rela.init)

.rel.text
 *(.rel.text)
 *(.rel.text.*)
 *(.rel.gnu.linkonce.t*)

.rela.text
 *(.rela.text)
 *(.rela.text.*)
 *(.rela.gnu.linkonce.t*)

.rel.fini
 *(.rel.fini)

.rela.fini
 *(.rela.fini)

.rel.rodata
 *(.rel.rodata)
 *(.rel.rodata.*)
 *(.rel.gnu.linkonce.r*)

.rela.rodata
 *(.rela.rodata)
 *(.rela.rodata.*)
 *(.rela.gnu.linkonce.r*)

.rel.data
 *(.rel.data)
 *(.rel.data.*)
 *(.rel.gnu.linkonce.d*)

.rela.data
 *(.rela.data)
 *(.rela.data.*)
 *(.rela.gnu.linkonce.d*)

.rel.ctors
 *(.rel.ctors)

.rela.ctors
 *(.rela.ctors)

.rel.dtors
 *(.rel.dtors)

.rela.dtors
 *(.rela.dtors)

.rel.got
 *(.rel.got)

.rela.got
 *(.rela.got)

.rel.bss
 *(.rel.bss)

.rela.bss
 *(.rela.bss)

.rel.plt
 *(.rel.plt)

.rela.plt
 *(.rela.plt)

.text           0x0000000000000000       0x76
 *(.vectors)
 .vectors       0x0000000000000000       0x1e C:/Program Files/Microchip/MPLABX/v6.15/packs/Microchip/ATtiny_DFP/3.0.151/xc8/avr/lib/avr25/memx-const/crtattiny85.o
                0x0000000000000000                __vector_default
                0x0000000000000000                __vectors
 *(.vectors)
 *(.progmem.gcc*)
 *(.dinit)
 .dinit         0x000000000000001e        0x7 data_init
                0x0000000000000026                . = ALIGN (0x2)
 *fill*         0x0000000000000025        0x1 
                0x0000000000000026                __trampolines_start = .
 *(.trampolines)
 .trampolines   0x0000000000000026        0x0 linker stubs
 *(.trampolines*)
                0x0000000000000026                __trampolines_end = .
 *libprintf_flt.a:*(.progmem.data)
 *libc.a:*(.progmem.data)
                0x0000000000000026                . = ALIGN (0x2)
 *(.jumptables)
 *(.jumptables*)
 *(.lowtext)
 *(.lowtext*)
                0x0000000000000026                __ctors_start = .
 *(.ctors)
                0x0000000000000026                __ctors_end = .
                0x0000000000000026                __dtors_start = .
 *(.dtors)
                0x0000000000000026                __dtors_end = .
 SORT(*)(.ctors)
 SORT(*)(.dtors)
 *(.init0)
 .init0         0x0000000000000026        0x0 C:/Program Files/Microchip/MPLABX/v6.15/packs/Microchip/ATtiny_DFP/3.0.151/xc8/avr/lib/avr25/memx-const/crtattiny85.o
                0x0000000000000026                __init
 *(.init0)
 *(.init1)
 *(.init1)
 *(.init2)
 .init2         0x0000000000000026        0xc C:/Program Files/Microchip/MPLABX/v6.15/packs/Microchip/ATtiny_DFP/3.0.151/xc8/avr/lib/avr25/memx-const/crtattiny85.o
 *(.init2)
 *(.init3)
 *(.init3)
 *(.init4)
 .init4         0x0000000000000032       0x3c c:/program files/microchip/xc8/v2.45/avr/bin/../lib/gcc/avr/5.4.0/avr25/memx-const\libgcc.a(_copy_data.o)
                0x0000000000000032                __do_copy_data
                0x0000000000000060                __do_clear_bss
 *(.init4)
 *(.init5)
 *(.init5)
 *(.init6)
 *(.init6)
 *(.init7)
 *(.init7)
 *(.init8)
 *(.init8)
 *(.init9)
 .init9         0x000000000000006e        0x4 C:/Program Files/Microchip/MPLABX/v6.15/packs/Microchip/ATtiny_DFP/3.0.151/xc8/avr/lib/avr25/memx-const/crtattiny85.o
 *(.init9)
                0x0000000000000072                . = ALIGN (0x2)
 *(.fini9)
 .fini9         0x0000000000000072        0x0 c:/program files/microchip/xc8/v2.45/avr/bin/../lib/gcc/avr/5.4.0/avr25/memx-const\libgcc.a(_exit.o)
                0x0000000000000072                _exit
 *(.fini9)
 *(.fini8)
 *(.fini8)
 *(.fini7)
 *(.fini7)
 *(.fini6)
 *(.fini6)
 *(.fini5)
 *(.fini5)
 *(.fini4)
 *(.fini4)
 *(.fini3)
 *(.fini3)
 *(.fini2)
 *(.fini2)
 *(.fini1)
 *(.fini1)
 *(.fini0)
 .fini0         0x0000000000000072        0x4 c:/program files/microchip/xc8/v2.45/avr/bin/../lib/gcc/avr/5.4.0/avr25/memx-const\libgcc.a(_exit.o)
 *(.fini0)
                0x0000000000000076                _etext = .

.data           0x0000000000800060        0x0 load address 0x0000000000000076
                [!provide]                        PROVIDE (__data_start, .)
 *(.gnu.linkonce.d*)
 *(.gnu.linkonce.r*)
                0x0000000000800060                . = ALIGN (0x2)
 *fill*         0x0000000000800060        0x0 
                0x0000000000800060                _edata = .
                [!provide]                        PROVIDE (__data_end, .)

.bss            0x0000000000800060        0x0
                [!provide]                        PROVIDE (__bss_start, .)
 *(COMMON)
                [!provide]                        PROVIDE (__bss_end, .)
                0x0000000000000076                __data_load_start = LOADADDR (.data)
                0x0000000000000076                __data_load_end = (__data_load_start + SIZEOF (.data))

.noinit         0x0000000000800060        0x0
                [!provide]                        PROVIDE (__noinit_start, .)
 *(.noinit*)
                [!provide]                        PROVIDE (__noinit_end, .)
                0x0000000000800060                _end = .

.eeprom         0x0000000000810000        0x0
 *(.eeprom*)
                0x0000000000810000                __eeprom_end = .

.fuse           0x0000000000820000        0x3
 *(.fuse)
 .fuse          0x0000000000820000        0x3 build/default/debug/MCAL/device_config.o
                0x0000000000820000                __fuse
 *(.lfuse)
 *(.hfuse)
 *(.efuse)

.lock           0x0000000000830000        0x1
 *(.lock*)
 .lock          0x0000000000830000        0x1 build/default/debug/MCAL/device_config.o
                0x0000000000830000                __lock

.signature
 *(.signature*)

.user_signatures
 *(.user_signatures*)

.bootrow
 *(.bootrow*)

.stab
 *(.stab)

.stabstr
 *(.stabstr)

.stab.excl
 *(.stab.excl)

.stab.exclstr
 *(.stab.exclstr)

.stab.index
 *(.stab.index)

.stab.indexstr
 *(.stab.indexstr)

.comment        0x0000000000000000       0x5b
 *(.comment)
 .comment       0x0000000000000000       0x2f build/default/debug/ECUAL/ECU_LED/ecu_led.o
                                         0x30 (size before relaxing)
 .comment       0x000000000000002f       0x30 build/default/debug/MCAL/GPIO/hal_gpio.o
 .comment       0x000000000000002f       0x30 build/default/debug/MCAL/device_config.o
 .comment       0x000000000000002f       0x30 build/default/debug/application.o
 .comment       0x000000000000002f       0x30 build/default/debug/ECUAL/ECU_RELAY/ecu_relay.o
 .comment       0x000000000000002f       0x30 build/default/debug/ECUAL/ECU_BUTTON/ecu_button.o
 .comment       0x000000000000002f       0x2c c:/program files/microchip/xc8/v2.45/avr/bin/../lib/gcc/avr/5.4.0/../../../../avr/lib/avr25/memx-const\libc.a(exit.o)
                                         0x2d (size before relaxing)
 .comment       0x000000000000005b       0x2d c:/program files/microchip/xc8/v2.45/avr/bin/../lib/gcc/avr/5.4.0/../../../../avr/lib/avr25/memx-const\libc.a(_Exit.o)

.stack.descriptors.hdr
                0x0000000000000000       0x2a
 .stack.descriptors.hdr
                0x0000000000000000        0xe c:/program files/microchip/xc8/v2.45/avr/bin/../lib/gcc/avr/5.4.0/../../../../avr/lib/avr25/memx-const\libc.a(exit.o)
 .stack.descriptors.hdr
                0x000000000000000e        0xe c:/program files/microchip/xc8/v2.45/avr/bin/../lib/gcc/avr/5.4.0/../../../../avr/lib/avr25/memx-const\libc.a(_Exit.o)
 .stack.descriptors.hdr
                0x000000000000001c        0xe c:/program files/microchip/xc8/v2.45/avr/bin/../lib/gcc/avr/5.4.0/avr25/memx-const\libgcc.a(_exit.o)

.note.GNU-stack
                0x0000000000000000        0x0
 .note.GNU-stack
                0x0000000000000000        0x0 c:/program files/microchip/xc8/v2.45/avr/bin/../lib/gcc/avr/5.4.0/../../../../avr/lib/avr25/memx-const\libc.a(exit.o)
 .note.GNU-stack
                0x0000000000000000        0x0 c:/program files/microchip/xc8/v2.45/avr/bin/../lib/gcc/avr/5.4.0/../../../../avr/lib/avr25/memx-const\libc.a(_Exit.o)

.note.gnu.build-id
 *(.note.gnu.build-id)

.debug
 *(.debug)

.line
 *(.line)

.debug_srcinfo
 *(.debug_srcinfo)

.debug_sfnames
 *(.debug_sfnames)

.debug_aranges  0x0000000000000000      0x150
 *(.debug_aranges)
 .debug_aranges
                0x0000000000000000       0x40 build/default/debug/ECUAL/ECU_LED/ecu_led.o
 .debug_aranges
                0x0000000000000040       0x68 build/default/debug/MCAL/GPIO/hal_gpio.o
 .debug_aranges
                0x00000000000000a8       0x18 build/default/debug/MCAL/device_config.o
 .debug_aranges
                0x00000000000000c0       0x28 build/default/debug/application.o
 .debug_aranges
                0x00000000000000e8       0x40 build/default/debug/ECUAL/ECU_RELAY/ecu_relay.o
 .debug_aranges
                0x0000000000000128       0x28 build/default/debug/ECUAL/ECU_BUTTON/ecu_button.o

.debug_pubnames
 *(.debug_pubnames)

.debug_info     0x0000000000000000     0x25ea
 *(.debug_info .gnu.linkonce.wi.*)
 .debug_info    0x0000000000000000      0x420 C:/Program Files/Microchip/MPLABX/v6.15/packs/Microchip/ATtiny_DFP/3.0.151/xc8/avr/lib/avr25/memx-const/crtattiny85.o
 .debug_info    0x0000000000000420      0x649 build/default/debug/ECUAL/ECU_LED/ecu_led.o
 .debug_info    0x0000000000000a69      0x6c8 build/default/debug/MCAL/GPIO/hal_gpio.o
 .debug_info    0x0000000000001131      0x2b5 build/default/debug/MCAL/device_config.o
 .debug_info    0x00000000000013e6      0x69e build/default/debug/application.o
 .debug_info    0x0000000000001a84      0x65d build/default/debug/ECUAL/ECU_RELAY/ecu_relay.o
 .debug_info    0x00000000000020e1      0x509 build/default/debug/ECUAL/ECU_BUTTON/ecu_button.o

.debug_abbrev   0x0000000000000000      0xa02
 *(.debug_abbrev)
 .debug_abbrev  0x0000000000000000      0x3e8 C:/Program Files/Microchip/MPLABX/v6.15/packs/Microchip/ATtiny_DFP/3.0.151/xc8/avr/lib/avr25/memx-const/crtattiny85.o
 .debug_abbrev  0x00000000000003e8      0x144 build/default/debug/ECUAL/ECU_LED/ecu_led.o
 .debug_abbrev  0x000000000000052c      0x119 build/default/debug/MCAL/GPIO/hal_gpio.o
 .debug_abbrev  0x0000000000000645       0x55 build/default/debug/MCAL/device_config.o
 .debug_abbrev  0x000000000000069a      0x111 build/default/debug/application.o
 .debug_abbrev  0x00000000000007ab      0x153 build/default/debug/ECUAL/ECU_RELAY/ecu_relay.o
 .debug_abbrev  0x00000000000008fe      0x104 build/default/debug/ECUAL/ECU_BUTTON/ecu_button.o

.debug_line     0x0000000000000000      0xb1e
 *(.debug_line .debug_line.* .debug_line_end)
 .debug_line    0x0000000000000000       0xf5 C:/Program Files/Microchip/MPLABX/v6.15/packs/Microchip/ATtiny_DFP/3.0.151/xc8/avr/lib/avr25/memx-const/crtattiny85.o
 .debug_line    0x00000000000000f5      0x1e5 build/default/debug/ECUAL/ECU_LED/ecu_led.o
 .debug_line    0x00000000000002da      0x36b build/default/debug/MCAL/GPIO/hal_gpio.o
 .debug_line    0x0000000000000645       0x75 build/default/debug/MCAL/device_config.o
 .debug_line    0x00000000000006ba      0x12b build/default/debug/application.o
 .debug_line    0x00000000000007e5      0x1ef build/default/debug/ECUAL/ECU_RELAY/ecu_relay.o
 .debug_line    0x00000000000009d4      0x14a build/default/debug/ECUAL/ECU_BUTTON/ecu_button.o

.debug_frame    0x0000000000000000      0x2e0
 *(.debug_frame)
 .debug_frame   0x0000000000000000       0xd4 build/default/debug/ECUAL/ECU_LED/ecu_led.o
 .debug_frame   0x00000000000000d4       0xb4 build/default/debug/MCAL/GPIO/hal_gpio.o
 .debug_frame   0x0000000000000188       0x34 build/default/debug/application.o
 .debug_frame   0x00000000000001bc       0xd4 build/default/debug/ECUAL/ECU_RELAY/ecu_relay.o
 .debug_frame   0x0000000000000290       0x50 build/default/debug/ECUAL/ECU_BUTTON/ecu_button.o

.debug_str      0x0000000000000000      0x2ef
 *(.debug_str)
 .debug_str     0x0000000000000000      0x169 C:/Program Files/Microchip/MPLABX/v6.15/packs/Microchip/ATtiny_DFP/3.0.151/xc8/avr/lib/avr25/memx-const/crtattiny85.o
 .debug_str     0x0000000000000169       0x79 build/default/debug/ECUAL/ECU_LED/ecu_led.o
 .debug_str     0x00000000000001e2       0x23 build/default/debug/MCAL/GPIO/hal_gpio.o
 .debug_str     0x0000000000000205        0x0 build/default/debug/MCAL/device_config.o
 .debug_str     0x0000000000000205       0x38 build/default/debug/application.o
 .debug_str     0x000000000000023d       0x81 build/default/debug/ECUAL/ECU_RELAY/ecu_relay.o
 .debug_str     0x00000000000002be       0x31 build/default/debug/ECUAL/ECU_BUTTON/ecu_button.o

.debug_loc      0x0000000000000000      0xa0e
 *(.debug_loc)
 .debug_loc     0x0000000000000000      0x298 build/default/debug/ECUAL/ECU_LED/ecu_led.o
 .debug_loc     0x0000000000000298      0x3a4 build/default/debug/MCAL/GPIO/hal_gpio.o
 .debug_loc     0x000000000000063c       0x33 build/default/debug/application.o
 .debug_loc     0x000000000000066f      0x298 build/default/debug/ECUAL/ECU_RELAY/ecu_relay.o
 .debug_loc     0x0000000000000907      0x107 build/default/debug/ECUAL/ECU_BUTTON/ecu_button.o

.debug_macinfo
 *(.debug_macinfo)

.debug_weaknames
 *(.debug_weaknames)

.debug_funcnames
 *(.debug_funcnames)

.debug_typenames
 *(.debug_typenames)

.debug_varnames
 *(.debug_varnames)

.debug_pubtypes
 *(.debug_pubtypes)

.debug_ranges   0x0000000000000000      0x100
 *(.debug_ranges)
 .debug_ranges  0x0000000000000000       0x30 build/default/debug/ECUAL/ECU_LED/ecu_led.o
 .debug_ranges  0x0000000000000030       0x58 build/default/debug/MCAL/GPIO/hal_gpio.o
 .debug_ranges  0x0000000000000088       0x18 build/default/debug/application.o
 .debug_ranges  0x00000000000000a0       0x30 build/default/debug/ECUAL/ECU_RELAY/ecu_relay.o
 .debug_ranges  0x00000000000000d0       0x30 build/default/debug/ECUAL/ECU_BUTTON/ecu_button.o

.debug_macro
 *(.debug_macro)
OUTPUT(dist/default/debug/my_attiny.debug.elf elf32-avr)
LOAD linker stubs
LOAD data_init

.note.gnu.avr.deviceinfo
                0x0000000000000000       0x3c
 .note.gnu.avr.deviceinfo
                0x0000000000000000       0x3c C:/Program Files/Microchip/MPLABX/v6.15/packs/Microchip/ATtiny_DFP/3.0.151/xc8/avr/lib/avr25/memx-const/crtattiny85.o

.text.gpio_pin_direction_intialize
                0x0000000000000076       0xf4
 .text.gpio_pin_direction_intialize
                0x0000000000000076       0xf4 build/default/debug/MCAL/GPIO/hal_gpio.o
                0x0000000000000076                gpio_pin_direction_intialize

.text.gpio_pin_write_logic
                0x000000000000016a       0x6e
 .text.gpio_pin_write_logic
                0x000000000000016a       0x6e build/default/debug/MCAL/GPIO/hal_gpio.o
                0x000000000000016a                gpio_pin_write_logic

.text.led_intialize
                0x00000000000001d8       0x60
 .text.led_intialize
                0x00000000000001d8       0x60 build/default/debug/ECUAL/ECU_LED/ecu_led.o
                0x00000000000001d8                led_intialize

.text.relay_intialize
                0x0000000000000238       0x60
 .text.relay_intialize
                0x0000000000000238       0x60 build/default/debug/ECUAL/ECU_RELAY/ecu_relay.o
                0x0000000000000238                relay_intialize

.text.relay_on  0x0000000000000298       0x44
 .text.relay_on
                0x0000000000000298       0x44 build/default/debug/ECUAL/ECU_RELAY/ecu_relay.o
                0x0000000000000298                relay_on

.text.application_intialize
                0x00000000000002dc       0x14
 .text.application_intialize
                0x00000000000002dc       0x14 build/default/debug/application.o
                0x00000000000002dc                application_intialize

.text.button_intialize
                0x00000000000002f0       0x10
 .text.button_intialize
                0x00000000000002f0       0x10 build/default/debug/ECUAL/ECU_BUTTON/ecu_button.o
                0x00000000000002f0                button_intialize

.text.exit      0x0000000000000300        0xe
 .text.exit     0x0000000000000300        0xe c:/program files/microchip/xc8/v2.45/avr/bin/../lib/gcc/avr/5.4.0/../../../../avr/lib/avr25/memx-const\libc.a(exit.o)
                0x0000000000000300                exit

.text.main      0x000000000000030e        0xa
 .text.main     0x000000000000030e        0xa build/default/debug/application.o
                0x000000000000030e                main

.text           0x0000000000000318        0x2
 .text          0x0000000000000318        0x2 C:/Program Files/Microchip/MPLABX/v6.15/packs/Microchip/ATtiny_DFP/3.0.151/xc8/avr/lib/avr25/memx-const/crtattiny85.o
                0x0000000000000318                __vector_1
                0x0000000000000318                __vector_12
                0x0000000000000318                __bad_interrupt
                0x0000000000000318                __vector_6
                0x0000000000000318                __vector_3
                0x0000000000000318                __vector_11
                0x0000000000000318                __vector_13
                0x0000000000000318                __vector_7
                0x0000000000000318                __vector_5
                0x0000000000000318                __vector_4
                0x0000000000000318                __vector_9
                0x0000000000000318                __vector_2
                0x0000000000000318                __vector_8
                0x0000000000000318                __vector_14
                0x0000000000000318                __vector_10

.text.__dummy_fini
                0x000000000000031a        0x2
 .text.__dummy_fini
                0x000000000000031a        0x2 c:/program files/microchip/xc8/v2.45/avr/bin/../lib/gcc/avr/5.4.0/../../../../avr/lib/avr25/memx-const\libc.a(exit.o)
                0x000000000000031a                _fini

.text.__dummy_funcs_on_exit
                0x000000000000031c        0x2
 .text.__dummy_funcs_on_exit
                0x000000000000031c        0x2 c:/program files/microchip/xc8/v2.45/avr/bin/../lib/gcc/avr/5.4.0/../../../../avr/lib/avr25/memx-const\libc.a(exit.o)
                0x000000000000031c                __funcs_on_exit

.text.__dummy_simulator_exit
                0x000000000000031e        0x2
 .text.__dummy_simulator_exit
                0x000000000000031e        0x2 c:/program files/microchip/xc8/v2.45/avr/bin/../lib/gcc/avr/5.4.0/../../../../avr/lib/avr25/memx-const\libc.a(exit.o)
                0x000000000000031e                __simulator_exit

.text._Exit     0x0000000000000320        0x2
 .text._Exit    0x0000000000000320        0x2 c:/program files/microchip/xc8/v2.45/avr/bin/../lib/gcc/avr/5.4.0/../../../../avr/lib/avr25/memx-const\libc.a(_Exit.o)
                0x0000000000000320                _Exit

.data.Button_1  0x0000000000800060        0x3 load address 0x0000000000000322
 .data.Button_1
                0x0000000000800060        0x3 build/default/debug/application.o
                0x0000000000800060                Button_1

.data.Relay_1   0x0000000000800063        0x1 load address 0x0000000000000325
 .data.Relay_1  0x0000000000800063        0x1 build/default/debug/application.o
                0x0000000000800063                Relay_1

.data.Led_1     0x0000000000800064        0x1 load address 0x0000000000000326
 .data.Led_1    0x0000000000800064        0x1 build/default/debug/application.o
                0x0000000000800064                Led_1
